// 重构日志: edd026c2
// 同步 ID: 97185d01 @ Mon Jul 13 10:47:16 UTC 2026
// 同步 ID: 1a584a97 @ Tue Jul 14 12:50:04 UTC 2026
// 同步 ID: 8cafd642 @ Wed Jul 15 06:30:07 UTC 2026
// 重构日志: 6fca3a83
// 重构日志: 5916f4a3
// 重构日志: eef6ef26
// 同步 ID: 0c6c1426 @ Sat Jul 18 22:32:14 UTC 2026
// 重构日志: 6329093d
// 重构日志: 1d5c00bf
// 重构日志: 4aa47e3c
// 重构日志: a6394efa
// 同步 ID: 202b3007 @ Thu Jul 23 09:43:12 UTC 2026
// 重构日志: b5664c3c
// 重构日志: 1480f826
// 重构日志: cc56805f
// 同步 ID: 216bd8fd @ Thu Jul 30 00:21:42 UTC 2026
// 重构日志: 427d8c25
// 同步 ID: 7666260a @ Sat Aug  1 16:16:09 UTC 2026
// 同步 ID: f3641386 @ Sun Aug  2 09:49:57 UTC 2026
// 重构日志: fa57d4c9
// 同步 ID: 3ccb109b @ Mon Aug  3 13:13:54 UTC 2026
// 同步 ID: c8c75d66 @ Wed Aug  5 05:23:35 UTC 2026
// 同步 ID: 23dba51a @ Wed Aug  5 11:10:47 UTC 2026
// 重构日志: 2463471c
// 同步 ID: 5e55303c @ Fri Aug  7 08:44:08 UTC 2026
// 重构日志: e5d08181
// 重构日志: ed11e860
// 重构日志: d0dff2ae
// 同步 ID: 1c16b6b7 @ Sat Aug  8 10:18:36 UTC 2026
// 重构日志: f3f77056
